TBB Warning: The number of workers is currently limited to 1. The request for 111 workers is ignored. Further requests for more workers will be silently ignored until the limit changes.

1702 frames, 101486 atoms (0s)
descriptors (101486, 378) (611s)
wrote data/external/monbtavw/train_desc.xyz (625s)
TBB Warning: The number of workers is currently limited to 1. The request for 111 workers is ignored. Further requests for more workers will be silently ignored until the limit changes.

426 frames, 25274 atoms (0s)
descriptors (25274, 378) (157s)
wrote data/external/monbtavw/test_desc.xyz (160s)
loaded 1702 frames, 101486 environments, d=378 (7.0s)
  BCC_alloys                   n=  26730 start=  22737 (53.7s)
  BCC_distorted                n=    400 start=  26984 (0.0s)
  HEA_interstitial             n=   7336 start=  30879 (2.6s)
  HEA_short_range              n=   4400 start=  35653 (1.0s)
  HEA_small                    n=   4320 start=  40195 (0.9s)
  HEA_surface                  n=   2557 start=  43290 (0.3s)
  HEA_vacancies                n=   4492 start=  46080 (1.0s)
  binary_BCC_alloys            n=  12960 start=  50449 (8.4s)
  divacancy                    n=   2360 start=  63608 (0.3s)
  double_self_interstitial_defect n=   3090 start=  68068 (0.5s)
  gamma_surface                n=    480 start=  68956 (0.0s)
  liquid                       n=  18432 start=  85948 (22.6s)
  ordered_alloys               n=   2112 start=  88620 (0.2s)
  phonon                       n=   1080 start=  90324 (0.0s)
  self_intersitial_defect      n=   2420 start=  93098 (0.3s)
  short_range                  n=   2165 start=  94748 (0.2s)
  suface_liquid                n=   2752 start=  97074 (0.4s)
  tri_vacancy                  n=   2340 start=  99358 (0.3s)
  vacancy                      n=   1060 start= 101019 (0.0s)
done in 99.9s -> results/ext/monbtavw/fps/stratified_s0
[2026-10-08T12:45:25.302] error: *** JOB 7971866 ON dane9 CANCELLED AT 2026-10-08T12:45:25 DUE to SIGNAL Terminated ***
