loaded 2350 frames, 214000 environments, d=189 (7.7s)
  global                       n= 214000 start= 182033 (303.7s)
done in 311.4s -> results/ext/sio2/fps/global_s0
loaded 2350 frames, 214000 environments, d=189 (7.5s)
  Si-diamond                   n=    640 start=    302 (0.0s)
  beta_cristobalite            n=   1920 start=   1622 (0.1s)
  beta_quartz                  n=    720 start=   3103 (0.0s)
  beta_tridymite               n=    960 start=   4192 (0.0s)
  bulk_amo                     n=  48000 start=   5912 (4.5s)
  chabazite                    n=  17280 start=  54731 (1.1s)
  coesite                      n=   7680 start=  75840 (0.3s)
  liquid                       n=  48000 start= 122735 (4.1s)
  low_cristobalite             n=   1920 start= 125678 (0.1s)
  low_quartz                   n=   1440 start= 127569 (0.0s)
  low_tridymite                n=  23040 start= 148582 (1.5s)
  moganite                     n=   5760 start= 154038 (0.2s)
  quench                       n=  48000 start= 170472 (4.5s)
  stishovite                   n=    960 start= 206154 (0.0s)
  tridymite_C2221              n=   1920 start= 206813 (0.1s)
  tridymite_P212121            n=   5760 start= 210596 (0.2s)
done in 24.3s -> results/ext/sio2/fps/stratified_s1
loaded 2350 frames, 214000 environments, d=189 (7.6s)
  global                       n= 214000 start= 101262 (311.9s)
done in 319.5s -> results/ext/sio2/fps/global_s1
wrote 16 random orderings -> results/ext/sio2/fps/random_stratified_s0
wrote 1 random orderings -> results/ext/sio2/fps/random_global_s0
scope                              n     r@1%     r@5%    r@20% knee_frac   knee_r
Si-diamond                       640   0.0549   0.0234   0.0134     0.456   0.0091
beta_cristobalite               1920   0.1436   0.0934   0.0647     0.544   0.0457
beta_quartz                      720   0.1383   0.0614   0.0369     0.482   0.0243
beta_tridymite                   960   0.0985   0.0471   0.0266     0.554   0.0156
bulk_amo                       48000   0.1143   0.0830   0.0613     0.444   0.0472
chabazite                      17280   0.0526   0.0328   0.0194     0.414   0.0137
coesite                         7680   0.0833   0.0545   0.0302     0.151   0.0363
liquid                         48000   0.1621   0.1212   0.0922     0.494   0.0717
low_cristobalite                1920   0.0700   0.0435   0.0299     0.586   0.0195
low_quartz                      1440   0.1150   0.0651   0.0442     0.577   0.0284
low_tridymite                  23040   0.0600   0.0434   0.0302     0.283   0.0260
moganite                        5760   0.0649   0.0436   0.0252     0.367   0.0185
quench                         48000   0.1412   0.1054   0.0794     0.522   0.0600
stishovite                       960   0.1260   0.0639   0.0378     0.006   0.1458
tridymite_C2221                 1920   0.0581   0.0338   0.0218     0.003   0.0958
tridymite_P212121               5760   0.0634   0.0423   0.0292     0.477   0.0209
DONE sio2 select
