loaded 1702 frames, 101486 environments, d=378 (7.0s)
  BCC_alloys                   n=  26730 start=  22737 (16.0s)
  BCC_distorted                n=    400 start=  26984 (0.0s)
  HEA_interstitial             n=   7336 start=  30879 (0.9s)
  HEA_short_range              n=   4400 start=  35653 (0.2s)
  HEA_small                    n=   4320 start=  40195 (0.2s)
  HEA_surface                  n=   2557 start=  43290 (0.1s)
  HEA_vacancies                n=   4492 start=  46080 (0.2s)
  binary_BCC_alloys            n=  12960 start=  50449 (3.2s)
  divacancy                    n=   2360 start=  63608 (0.1s)
  double_self_interstitial_defect n=   3090 start=  68068 (0.1s)
  gamma_surface                n=    480 start=  68956 (0.0s)
  liquid                       n=  18432 start=  85948 (6.0s)
  ordered_alloys               n=   2112 start=  88620 (0.1s)
  phonon                       n=   1080 start=  90324 (0.0s)
  self_intersitial_defect      n=   2420 start=  93098 (0.1s)
  short_range                  n=   2165 start=  94748 (0.1s)
  suface_liquid                n=   2752 start=  97074 (0.1s)
  tri_vacancy                  n=   2340 start=  99358 (0.1s)
  vacancy                      n=   1060 start= 101019 (0.0s)
done in 34.3s -> results/ext/monbtavw/fps/stratified_s0
loaded 1702 frames, 101486 environments, d=378 (6.7s)
  global                       n= 101486 start=  86326 (334.8s)
done in 341.5s -> results/ext/monbtavw/fps/global_s0
loaded 1702 frames, 101486 environments, d=378 (6.7s)
  BCC_alloys                   n=  26730 start=  12648 (12.3s)
  BCC_distorted                n=    400 start=  26934 (0.0s)
  HEA_interstitial             n=   7336 start=  32669 (0.7s)
  HEA_short_range              n=   4400 start=  38648 (0.2s)
  HEA_small                    n=   4320 start=  39016 (0.2s)
  HEA_surface                  n=   2557 start=  43554 (0.1s)
  HEA_vacancies                n=   4492 start=  49439 (0.2s)
  binary_BCC_alloys            n=  12960 start=  62529 (2.3s)
  divacancy                    n=   2360 start=  63783 (0.1s)
  double_self_interstitial_defect n=   3090 start=  66518 (0.1s)
  gamma_surface                n=    480 start=  69062 (0.0s)
  liquid                       n=  18432 start=  76927 (4.6s)
  ordered_alloys               n=   2112 start=  88133 (0.1s)
  phonon                       n=   1080 start=  90562 (0.0s)
  self_intersitial_defect      n=   2420 start=  91370 (0.1s)
  short_range                  n=   2165 start=  94054 (0.1s)
  suface_liquid                n=   2752 start=  97105 (0.1s)
  tri_vacancy                  n=   2340 start=  99372 (0.1s)
  vacancy                      n=   1060 start= 100516 (0.0s)
done in 27.7s -> results/ext/monbtavw/fps/stratified_s1
loaded 1702 frames, 101486 environments, d=378 (6.7s)
  global                       n= 101486 start=  48022 (343.2s)
done in 349.9s -> results/ext/monbtavw/fps/global_s1
wrote 19 random orderings -> results/ext/monbtavw/fps/random_stratified_s0
wrote 1 random orderings -> results/ext/monbtavw/fps/random_global_s0
scope                              n     r@1%     r@5%    r@20% knee_frac   knee_r
BCC_alloys                     26730   0.1255   0.0792   0.0550     0.735   0.0337
BCC_distorted                    400   0.9915   0.3153   0.1257     0.390   0.0770
HEA_interstitial                7336   0.1816   0.1076   0.0615     0.175   0.0660
HEA_short_range                 4400   0.2693   0.1245   0.0434     0.144   0.0632
HEA_small                       4320   0.1948   0.1094   0.0684     0.510   0.0484
HEA_surface                     2557   0.2588   0.1543   0.1015     0.622   0.0617
HEA_vacancies                   4492   0.1646   0.0885   0.0454     0.073   0.0751
binary_BCC_alloys              12960   0.1693   0.0991   0.0657     0.490   0.0479
divacancy                       2360   0.1058   0.0622   0.0421     0.008   0.1098
double_self_interstitial_defect    3090   0.1303   0.0706   0.0433     0.001   0.8122
gamma_surface                    480   0.2708   0.1144   0.0403     0.008   0.8181
liquid                         18432   0.2300   0.1499   0.1072     0.526   0.0794
ordered_alloys                  2112   0.1557   0.0506   0.0290     0.002   0.3941
phonon                          1080   0.1718   0.0970   0.0644     0.512   0.0451
self_intersitial_defect         2420   0.1163   0.0627   0.0378     0.600   0.0223
short_range                     2165   0.3969   0.1048   0.0472     0.498   0.0294
suface_liquid                   2752   0.2232   0.1296   0.0818     0.596   0.0454
tri_vacancy                     2340   0.1364   0.0709   0.0445     0.002   0.7971
vacancy                         1060   0.1762   0.0767   0.0436     0.337   0.0329
DONE monbtavw select
