loaded 684 frames, 134720 envs (1.9s)
resuming; 4 scopes already done
  HD liquid_3.6gcc_6000        sub=1.00 rep=0 n= 14312 h*_kneedle=0.0232 (f=0.962)  h*_curv=0.0206 (f=0.977)  f(0.015)=0.986  (9.3s)
  HD liquid_3.6gcc_6000        sub=0.25 rep=0 n=  3578 h*_kneedle=0.0261 (f=0.972)  h*_curv=0.0050 (f=0.995)  f(0.015)=0.994  (2.1s)
  HD liquid_3.6gcc_6000        sub=0.25 rep=1 n=  3578 h*_kneedle=0.0261 (f=0.972)  h*_curv=0.0050 (f=0.995)  f(0.015)=0.994  (2.1s)
  HD liquid_3.6gcc_6000        sub=0.25 rep=2 n=  3578 h*_kneedle=0.0261 (f=0.974)  h*_curv=0.0050 (f=0.996)  f(0.015)=0.995  (2.1s)
  HD liquid_3.6gcc_6000        sub=0.50 rep=0 n=  7156 h*_kneedle=0.0261 (f=0.956)  h*_curv=0.0232 (f=0.976)  f(0.015)=0.990  (5.1s)
  HD liquid_3.6gcc_6000        sub=0.50 rep=1 n=  7156 h*_kneedle=0.0261 (f=0.956)  h*_curv=0.0232 (f=0.977)  f(0.015)=0.991  (5.1s)
  HD liquid_3.6gcc_6000        sub=0.50 rep=2 n=  7156 h*_kneedle=0.0261 (f=0.955)  h*_curv=0.0232 (f=0.976)  f(0.015)=0.990  (4.3s)
  HD liquid_3.6gcc_6000        sub=0.75 rep=0 n= 10734 h*_kneedle=0.0261 (f=0.944)  h*_curv=0.0206 (f=0.981)  f(0.015)=0.988  (7.8s)
  HD liquid_3.6gcc_6000        sub=0.75 rep=1 n= 10734 h*_kneedle=0.0261 (f=0.943)  h*_curv=0.0206 (f=0.980)  f(0.015)=0.987  (8.4s)
  HD liquid_3.6gcc_6000        sub=0.75 rep=2 n= 10734 h*_kneedle=0.0261 (f=0.944)  h*_curv=0.0206 (f=0.981)  f(0.015)=0.988  (8.2s)
  LD liquid_0.5gcc_1000        sub=1.00 rep=0 n=  5376 h*_kneedle=0.0129 (f=0.920)  h*_curv=0.0080 (f=0.981)  f(0.015)=0.887  (3.4s)
  LD liquid_0.5gcc_1000        sub=0.25 rep=0 n=  1344 h*_kneedle=0.0163 (f=0.917)  h*_curv=0.0080 (f=0.993)  f(0.015)=0.933  (0.6s)
  LD liquid_0.5gcc_1000        sub=0.25 rep=1 n=  1344 h*_kneedle=0.0163 (f=0.919)  h*_curv=0.0080 (f=0.992)  f(0.015)=0.934  (0.6s)
  LD liquid_0.5gcc_1000        sub=0.25 rep=2 n=  1344 h*_kneedle=0.0163 (f=0.920)  h*_curv=0.0080 (f=0.993)  f(0.015)=0.935  (0.6s)
  LD liquid_0.5gcc_1000        sub=0.50 rep=0 n=  2688 h*_kneedle=0.0145 (f=0.918)  h*_curv=0.0090 (f=0.981)  f(0.015)=0.910  (1.8s)
  LD liquid_0.5gcc_1000        sub=0.50 rep=1 n=  2688 h*_kneedle=0.0145 (f=0.919)  h*_curv=0.0090 (f=0.980)  f(0.015)=0.912  (1.8s)
  LD liquid_0.5gcc_1000        sub=0.50 rep=2 n=  2688 h*_kneedle=0.0145 (f=0.922)  h*_curv=0.0090 (f=0.981)  f(0.015)=0.915  (1.8s)
  LD liquid_0.5gcc_1000        sub=0.75 rep=0 n=  4032 h*_kneedle=0.0145 (f=0.905)  h*_curv=0.0080 (f=0.984)  f(0.015)=0.896  (3.2s)
  LD liquid_0.5gcc_1000        sub=0.75 rep=1 n=  4032 h*_kneedle=0.0145 (f=0.904)  h*_curv=0.0080 (f=0.984)  f(0.015)=0.896  (3.2s)
  LD liquid_0.5gcc_1000        sub=0.75 rep=2 n=  4032 h*_kneedle=0.0145 (f=0.906)  h*_curv=0.0080 (f=0.984)  f(0.015)=0.898  (2.7s)
  LD liquid_1.0gcc_2000        sub=1.00 rep=0 n=  5440 h*_kneedle=0.0206 (f=0.959)  h*_curv=0.0163 (f=0.988)  f(0.015)=0.992  (3.9s)
  LD liquid_1.0gcc_2000        sub=0.25 rep=0 n=  1360 h*_kneedle=0.0261 (f=0.945)  h*_curv=0.0050 (f=1.000)  f(0.015)=0.997  (0.6s)
  LD liquid_1.0gcc_2000        sub=0.25 rep=1 n=  1360 h*_kneedle=0.0232 (f=0.965)  h*_curv=0.0050 (f=0.999)  f(0.015)=0.997  (0.6s)
  LD liquid_1.0gcc_2000        sub=0.25 rep=2 n=  1360 h*_kneedle=0.0261 (f=0.943)  h*_curv=0.0050 (f=1.000)  f(0.015)=0.997  (0.6s)
  LD liquid_1.0gcc_2000        sub=0.50 rep=0 n=  2720 h*_kneedle=0.0232 (f=0.952)  h*_curv=0.0183 (f=0.986)  f(0.015)=0.995  (1.7s)
  LD liquid_1.0gcc_2000        sub=0.50 rep=1 n=  2720 h*_kneedle=0.0232 (f=0.952)  h*_curv=0.0183 (f=0.985)  f(0.015)=0.995  (1.8s)
  LD liquid_1.0gcc_2000        sub=0.50 rep=2 n=  2720 h*_kneedle=0.0232 (f=0.951)  h*_curv=0.0183 (f=0.985)  f(0.015)=0.995  (1.8s)
  LD liquid_1.0gcc_2000        sub=0.75 rep=0 n=  4080 h*_kneedle=0.0206 (f=0.965)  h*_curv=0.0163 (f=0.990)  f(0.015)=0.993  (3.2s)
  LD liquid_1.0gcc_2000        sub=0.75 rep=1 n=  4080 h*_kneedle=0.0206 (f=0.966)  h*_curv=0.0163 (f=0.990)  f(0.015)=0.993  (3.2s)
  LD liquid_1.0gcc_2000        sub=0.75 rep=2 n=  4080 h*_kneedle=0.0206 (f=0.965)  h*_curv=0.0163 (f=0.990)  f(0.015)=0.993  (3.2s)
  diamond_0.0gcc_CC            sub=1.00 rep=0 n=  1080 h*_kneedle=0.0471 (f=0.056)  h*_curv=0.0756 (f=0.024)  f(0.015)=0.246  (0.3s)
  diamond_0.0gcc_CC            sub=0.25 rep=0 n=   270 h*_kneedle=0.0471 (f=0.068)  h*_curv=0.0756 (f=0.029)  f(0.015)=0.303  (0.0s)
  diamond_0.0gcc_CC            sub=0.25 rep=1 n=   270 h*_kneedle=0.0471 (f=0.072)  h*_curv=0.0756 (f=0.031)  f(0.015)=0.312  (0.0s)
  diamond_0.0gcc_CC            sub=0.25 rep=2 n=   270 h*_kneedle=0.0471 (f=0.067)  h*_curv=0.0672 (f=0.035)  f(0.015)=0.307  (0.0s)
  diamond_0.0gcc_CC            sub=0.50 rep=0 n=   540 h*_kneedle=0.0471 (f=0.062)  h*_curv=0.0756 (f=0.027)  f(0.015)=0.270  (0.1s)
  diamond_0.0gcc_CC            sub=0.50 rep=1 n=   540 h*_kneedle=0.0471 (f=0.063)  h*_curv=0.0756 (f=0.027)  f(0.015)=0.275  (0.1s)
  diamond_0.0gcc_CC            sub=0.50 rep=2 n=   540 h*_kneedle=0.0471 (f=0.063)  h*_curv=0.0756 (f=0.027)  f(0.015)=0.273  (0.1s)
  diamond_0.0gcc_CC            sub=0.75 rep=0 n=   810 h*_kneedle=0.0471 (f=0.058)  h*_curv=0.0756 (f=0.025)  f(0.015)=0.258  (0.2s)
  diamond_0.0gcc_CC            sub=0.75 rep=1 n=   810 h*_kneedle=0.0471 (f=0.056)  h*_curv=0.0672 (f=0.030)  f(0.015)=0.253  (0.2s)
  diamond_0.0gcc_CC            sub=0.75 rep=2 n=   810 h*_kneedle=0.0471 (f=0.059)  h*_curv=0.0756 (f=0.025)  f(0.015)=0.257  (0.2s)
  diamond_3.67gcc_3000         sub=1.00 rep=0 n= 14040 h*_kneedle=0.0597 (f=0.133)  h*_curv=0.0102 (f=0.806)  f(0.015)=0.697  (10.4s)
  diamond_3.67gcc_3000         sub=0.25 rep=0 n=  3510 h*_kneedle=0.0672 (f=0.128)  h*_curv=0.0102 (f=0.833)  f(0.015)=0.744  (1.9s)
  diamond_3.67gcc_3000         sub=0.25 rep=1 n=  3510 h*_kneedle=0.0672 (f=0.130)  h*_curv=0.0050 (f=0.934)  f(0.015)=0.748  (1.9s)
  diamond_3.67gcc_3000         sub=0.25 rep=2 n=  3510 h*_kneedle=0.0672 (f=0.130)  h*_curv=0.0102 (f=0.838)  f(0.015)=0.751  (1.9s)
  diamond_3.67gcc_3000         sub=0.50 rep=0 n=  7020 h*_kneedle=0.0672 (f=0.118)  h*_curv=0.0050 (f=0.928)  f(0.015)=0.723  (4.6s)
  diamond_3.67gcc_3000         sub=0.50 rep=1 n=  7020 h*_kneedle=0.0672 (f=0.119)  h*_curv=0.0050 (f=0.925)  f(0.015)=0.724  (4.8s)
  diamond_3.67gcc_3000         sub=0.50 rep=2 n=  7020 h*_kneedle=0.0672 (f=0.119)  h*_curv=0.0050 (f=0.924)  f(0.015)=0.724  (4.8s)
  diamond_3.67gcc_3000         sub=0.75 rep=0 n= 10530 h*_kneedle=0.0597 (f=0.137)  h*_curv=0.0050 (f=0.919)  f(0.015)=0.709  (7.4s)
  diamond_3.67gcc_3000         sub=0.75 rep=1 n= 10530 h*_kneedle=0.0597 (f=0.137)  h*_curv=0.0050 (f=0.917)  f(0.015)=0.707  (7.2s)
  diamond_3.67gcc_3000         sub=0.75 rep=2 n= 10530 h*_kneedle=0.0597 (f=0.137)  h*_curv=0.0050 (f=0.914)  f(0.015)=0.704  (7.5s)
  diamond_3.68gcc_300          sub=1.00 rep=0 n=  5400 h*_kneedle=0.0331 (f=0.107)  h*_curv=0.0471 (f=0.059)  f(0.015)=0.331  (3.4s)
  diamond_3.68gcc_300          sub=0.25 rep=0 n=  1350 h*_kneedle=0.0331 (f=0.122)  h*_curv=0.0050 (f=0.857)  f(0.015)=0.378  (0.5s)
  diamond_3.68gcc_300          sub=0.25 rep=1 n=  1350 h*_kneedle=0.0372 (f=0.105)  h*_curv=0.0050 (f=0.850)  f(0.015)=0.385  (0.5s)
  diamond_3.68gcc_300          sub=0.25 rep=2 n=  1350 h*_kneedle=0.0372 (f=0.104)  h*_curv=0.0050 (f=0.865)  f(0.015)=0.387  (0.5s)
  diamond_3.68gcc_300          sub=0.50 rep=0 n=  2700 h*_kneedle=0.0331 (f=0.117)  h*_curv=0.0530 (f=0.052)  f(0.015)=0.361  (1.5s)
  diamond_3.68gcc_300          sub=0.50 rep=1 n=  2700 h*_kneedle=0.0331 (f=0.117)  h*_curv=0.0530 (f=0.052)  f(0.015)=0.354  (1.5s)
  diamond_3.68gcc_300          sub=0.50 rep=2 n=  2700 h*_kneedle=0.0331 (f=0.115)  h*_curv=0.0471 (f=0.063)  f(0.015)=0.353  (1.5s)
  diamond_3.68gcc_300          sub=0.75 rep=0 n=  4050 h*_kneedle=0.0331 (f=0.110)  h*_curv=0.0471 (f=0.060)  f(0.015)=0.341  (2.8s)
  diamond_3.68gcc_300          sub=0.75 rep=1 n=  4050 h*_kneedle=0.0331 (f=0.109)  h*_curv=0.0471 (f=0.060)  f(0.015)=0.339  (2.8s)
  diamond_3.68gcc_300          sub=0.75 rep=2 n=  4050 h*_kneedle=0.0331 (f=0.110)  h*_curv=0.0471 (f=0.061)  f(0.015)=0.342  (2.8s)
  graphite_0.0gcc_CC           sub=1.00 rep=0 n=  3072 h*_kneedle=0.0261 (f=0.303)  h*_curv=0.0183 (f=0.324)  f(0.015)=0.332  (1.6s)
  graphite_0.0gcc_CC           sub=0.25 rep=0 n=   768 h*_kneedle=0.0261 (f=0.367)  h*_curv=0.0183 (f=0.392)  f(0.015)=0.401  (0.2s)
  graphite_0.0gcc_CC           sub=0.25 rep=1 n=   768 h*_kneedle=0.0261 (f=0.365)  h*_curv=0.0163 (f=0.397)  f(0.015)=0.400  (0.2s)
  graphite_0.0gcc_CC           sub=0.25 rep=2 n=   768 h*_kneedle=0.0261 (f=0.365)  h*_curv=0.0183 (f=0.390)  f(0.015)=0.399  (0.2s)
  graphite_0.0gcc_CC           sub=0.50 rep=0 n=  1536 h*_kneedle=0.0261 (f=0.331)  h*_curv=0.0183 (f=0.354)  f(0.015)=0.362  (0.7s)
  graphite_0.0gcc_CC           sub=0.50 rep=1 n=  1536 h*_kneedle=0.0261 (f=0.330)  h*_curv=0.0183 (f=0.353)  f(0.015)=0.362  (0.7s)
  graphite_0.0gcc_CC           sub=0.50 rep=2 n=  1536 h*_kneedle=0.0261 (f=0.332)  h*_curv=0.0183 (f=0.355)  f(0.015)=0.363  (0.7s)
  graphite_0.0gcc_CC           sub=0.75 rep=0 n=  2304 h*_kneedle=0.0261 (f=0.315)  h*_curv=0.0183 (f=0.336)  f(0.015)=0.344  (1.5s)
  graphite_0.0gcc_CC           sub=0.75 rep=1 n=  2304 h*_kneedle=0.0261 (f=0.315)  h*_curv=0.0183 (f=0.336)  f(0.015)=0.344  (1.5s)
  graphite_0.0gcc_CC           sub=0.75 rep=2 n=  2304 h*_kneedle=0.0261 (f=0.315)  h*_curv=0.0183 (f=0.336)  f(0.015)=0.344  (1.5s)
  graphite_2.39gcc_300         sub=1.00 rep=0 n=  9600 h*_kneedle=0.0372 (f=0.126)  h*_curv=0.0056 (f=0.941)  f(0.015)=0.461  (6.6s)
  graphite_2.39gcc_300         sub=0.25 rep=0 n=  2400 h*_kneedle=0.0419 (f=0.123)  h*_curv=0.0063 (f=0.964)  f(0.015)=0.540  (1.3s)
  graphite_2.39gcc_300         sub=0.25 rep=1 n=  2400 h*_kneedle=0.0419 (f=0.121)  h*_curv=0.0063 (f=0.965)  f(0.015)=0.539  (1.3s)
  graphite_2.39gcc_300         sub=0.25 rep=2 n=  2400 h*_kneedle=0.0419 (f=0.122)  h*_curv=0.0063 (f=0.963)  f(0.015)=0.538  (1.3s)
  graphite_2.39gcc_300         sub=0.50 rep=0 n=  4800 h*_kneedle=0.0372 (f=0.136)  h*_curv=0.0056 (f=0.961)  f(0.015)=0.497  (3.2s)
  graphite_2.39gcc_300         sub=0.50 rep=1 n=  4800 h*_kneedle=0.0372 (f=0.136)  h*_curv=0.0056 (f=0.957)  f(0.015)=0.497  (3.2s)
  graphite_2.39gcc_300         sub=0.50 rep=2 n=  4800 h*_kneedle=0.0372 (f=0.137)  h*_curv=0.0056 (f=0.958)  f(0.015)=0.498  (3.1s)
  graphite_2.39gcc_300         sub=0.75 rep=0 n=  7200 h*_kneedle=0.0372 (f=0.130)  h*_curv=0.0056 (f=0.949)  f(0.015)=0.476  (4.9s)
  graphite_2.39gcc_300         sub=0.75 rep=1 n=  7200 h*_kneedle=0.0372 (f=0.130)  h*_curv=0.0056 (f=0.950)  f(0.015)=0.475  (4.9s)
  graphite_2.39gcc_300         sub=0.75 rep=2 n=  7200 h*_kneedle=0.0372 (f=0.130)  h*_curv=0.0056 (f=0.949)  f(0.015)=0.475  (4.8s)
  graphite_2.56gcc_1500        sub=1.00 rep=0 n=  9600 h*_kneedle=0.0597 (f=0.121)  h*_curv=0.0056 (f=0.977)  f(0.015)=0.825  (6.2s)
  graphite_2.56gcc_1500        sub=0.25 rep=0 n=  2400 h*_kneedle=0.0672 (f=0.117)  h*_curv=0.0102 (f=0.972)  f(0.015)=0.896  (1.2s)
  graphite_2.56gcc_1500        sub=0.25 rep=1 n=  2400 h*_kneedle=0.0672 (f=0.114)  h*_curv=0.0050 (f=0.980)  f(0.015)=0.892  (1.2s)
  graphite_2.56gcc_1500        sub=0.25 rep=2 n=  2400 h*_kneedle=0.0672 (f=0.117)  h*_curv=0.0102 (f=0.977)  f(0.015)=0.897  (1.3s)
  graphite_2.56gcc_1500        sub=0.50 rep=0 n=  4800 h*_kneedle=0.0597 (f=0.129)  h*_curv=0.0102 (f=0.973)  f(0.015)=0.861  (3.0s)
  graphite_2.56gcc_1500        sub=0.50 rep=1 n=  4800 h*_kneedle=0.0597 (f=0.131)  h*_curv=0.0102 (f=0.973)  f(0.015)=0.862  (3.1s)
  graphite_2.56gcc_1500        sub=0.50 rep=2 n=  4800 h*_kneedle=0.0672 (f=0.106)  h*_curv=0.0102 (f=0.970)  f(0.015)=0.861  (3.1s)
  graphite_2.56gcc_1500        sub=0.75 rep=0 n=  7200 h*_kneedle=0.0597 (f=0.125)  h*_curv=0.0090 (f=0.976)  f(0.015)=0.842  (4.8s)
  graphite_2.56gcc_1500        sub=0.75 rep=1 n=  7200 h*_kneedle=0.0597 (f=0.125)  h*_curv=0.0090 (f=0.974)  f(0.015)=0.839  (4.6s)
  graphite_2.56gcc_1500        sub=0.75 rep=2 n=  7200 h*_kneedle=0.0597 (f=0.125)  h*_curv=0.0090 (f=0.975)  f(0.015)=0.841  (3.9s)
  graphite_2.67gcc_3000        sub=1.00 rep=0 n= 24960 h*_kneedle=0.0756 (f=0.120)  h*_curv=0.0050 (f=0.971)  f(0.015)=0.917  (18.3s)
  graphite_2.67gcc_3000        sub=0.25 rep=0 n=  6240 h*_kneedle=0.0851 (f=0.113)  h*_curv=0.0129 (f=0.971)  f(0.015)=0.952  (3.4s)
  graphite_2.67gcc_3000        sub=0.25 rep=1 n=  6240 h*_kneedle=0.0851 (f=0.115)  h*_curv=0.0129 (f=0.967)  f(0.015)=0.948  (4.0s)
  graphite_2.67gcc_3000        sub=0.25 rep=2 n=  6240 h*_kneedle=0.0851 (f=0.113)  h*_curv=0.0129 (f=0.969)  f(0.015)=0.949  (4.1s)
[2026-10-08T12:46:18.494] error: *** JOB 7971908 ON dane1239 CANCELLED AT 2026-10-08T12:46:18 DUE TO PREEMPTION ***
