loaded 1702 frames, 101486 envs (7.0s)
resuming; 0 scopes already done
  BCC_alloys                   sub=1.00 rep=0 n= 26730 h*_kneedle=0.0145 (f=0.959)  h*_curv=0.0050 (f=1.000)  f(0.015)=0.950  (18.2s)
  BCC_alloys                   sub=0.25 rep=0 n=  6682 h*_kneedle=0.0183 (f=0.949)  h*_curv=0.5000 (f=0.046)  f(0.015)=0.979  (4.3s)
  BCC_alloys                   sub=0.25 rep=1 n=  6682 h*_kneedle=0.0183 (f=0.950)  h*_curv=0.5000 (f=0.046)  f(0.015)=0.979  (5.3s)
  BCC_alloys                   sub=0.25 rep=2 n=  6682 h*_kneedle=0.0183 (f=0.949)  h*_curv=0.5000 (f=0.046)  f(0.015)=0.980  (5.1s)
  BCC_alloys                   sub=0.50 rep=0 n= 13365 h*_kneedle=0.0163 (f=0.953)  h*_curv=0.0114 (f=0.993)  f(0.015)=0.967  (11.0s)
  BCC_alloys                   sub=0.50 rep=1 n= 13365 h*_kneedle=0.0163 (f=0.953)  h*_curv=0.0114 (f=0.993)  f(0.015)=0.967  (10.4s)
  BCC_alloys                   sub=0.50 rep=2 n= 13365 h*_kneedle=0.0163 (f=0.953)  h*_curv=0.0114 (f=0.994)  f(0.015)=0.967  (10.8s)
  BCC_alloys                   sub=0.75 rep=0 n= 20048 h*_kneedle=0.0163 (f=0.941)  h*_curv=0.0050 (f=1.000)  f(0.015)=0.958  (18.3s)
  BCC_alloys                   sub=0.75 rep=1 n= 20048 h*_kneedle=0.0163 (f=0.941)  h*_curv=0.0050 (f=1.000)  f(0.015)=0.958  (18.2s)
  BCC_alloys                   sub=0.75 rep=2 n= 20048 h*_kneedle=0.0163 (f=0.940)  h*_curv=0.0050 (f=1.000)  f(0.015)=0.957  (17.9s)
  BCC_distorted                sub=1.00 rep=0 n=   400 h*_kneedle=0.0372 (f=0.842)  h*_curv=0.0261 (f=0.874)  f(0.015)=0.884  (0.1s)
  BCC_distorted                sub=0.25 rep=0 n=   100 h*_kneedle=0.0471 (f=0.905)  h*_curv=0.0331 (f=0.941)  f(0.015)=0.954  (0.0s)
  BCC_distorted                sub=0.25 rep=1 n=   100 h*_kneedle=0.0471 (f=0.903)  h*_curv=0.0331 (f=0.942)  f(0.015)=0.955  (0.0s)
  BCC_distorted                sub=0.25 rep=2 n=   100 h*_kneedle=0.0419 (f=0.901)  h*_curv=0.0050 (f=0.952)  f(0.015)=0.950  (0.0s)
  BCC_distorted                sub=0.50 rep=0 n=   200 h*_kneedle=0.0372 (f=0.891)  h*_curv=0.0261 (f=0.923)  f(0.015)=0.934  (0.0s)
  BCC_distorted                sub=0.50 rep=1 n=   200 h*_kneedle=0.0419 (f=0.877)  h*_curv=0.0294 (f=0.916)  f(0.015)=0.932  (0.0s)
  BCC_distorted                sub=0.50 rep=2 n=   200 h*_kneedle=0.0419 (f=0.891)  h*_curv=0.0294 (f=0.929)  f(0.015)=0.943  (0.0s)
  BCC_distorted                sub=0.75 rep=0 n=   300 h*_kneedle=0.0372 (f=0.869)  h*_curv=0.0050 (f=0.909)  f(0.015)=0.909  (0.0s)
  BCC_distorted                sub=0.75 rep=1 n=   300 h*_kneedle=0.0372 (f=0.869)  h*_curv=0.0261 (f=0.901)  f(0.015)=0.910  (0.0s)
  BCC_distorted                sub=0.75 rep=2 n=   300 h*_kneedle=0.0372 (f=0.864)  h*_curv=0.0261 (f=0.895)  f(0.015)=0.905  (0.0s)
  HEA_interstitial             sub=1.00 rep=0 n=  7336 h*_kneedle=0.0129 (f=0.916)  h*_curv=0.0063 (f=0.996)  f(0.015)=0.882  (5.5s)
  HEA_interstitial             sub=0.25 rep=0 n=  1834 h*_kneedle=0.0183 (f=0.898)  h*_curv=0.5000 (f=0.030)  f(0.015)=0.935  (1.1s)
  HEA_interstitial             sub=0.25 rep=1 n=  1834 h*_kneedle=0.0183 (f=0.900)  h*_curv=0.5000 (f=0.030)  f(0.015)=0.936  (1.0s)
  HEA_interstitial             sub=0.25 rep=2 n=  1834 h*_kneedle=0.0183 (f=0.893)  h*_curv=0.5000 (f=0.030)  f(0.015)=0.931  (1.0s)
  HEA_interstitial             sub=0.50 rep=0 n=  3668 h*_kneedle=0.0163 (f=0.892)  h*_curv=0.5000 (f=0.028)  f(0.015)=0.909  (2.3s)
  HEA_interstitial             sub=0.50 rep=1 n=  3668 h*_kneedle=0.0145 (f=0.915)  h*_curv=0.5000 (f=0.027)  f(0.015)=0.907  (2.3s)
  HEA_interstitial             sub=0.50 rep=2 n=  3668 h*_kneedle=0.0145 (f=0.916)  h*_curv=0.5000 (f=0.028)  f(0.015)=0.908  (2.3s)
  HEA_interstitial             sub=0.75 rep=0 n=  5502 h*_kneedle=0.0145 (f=0.904)  h*_curv=0.0071 (f=0.993)  f(0.015)=0.896  (4.0s)
  HEA_interstitial             sub=0.75 rep=1 n=  5502 h*_kneedle=0.0145 (f=0.901)  h*_curv=0.0063 (f=0.997)  f(0.015)=0.893  (4.0s)
  HEA_interstitial             sub=0.75 rep=2 n=  5502 h*_kneedle=0.0145 (f=0.901)  h*_curv=0.0063 (f=0.997)  f(0.015)=0.893  (4.0s)
  HEA_short_range              sub=1.00 rep=0 n=  4400 h*_kneedle=0.0294 (f=0.657)  h*_curv=0.5000 (f=0.030)  f(0.015)=0.771  (3.3s)
  HEA_short_range              sub=0.25 rep=0 n=  1100 h*_kneedle=0.0294 (f=0.750)  h*_curv=0.5000 (f=0.037)  f(0.015)=0.855  (0.4s)
  HEA_short_range              sub=0.25 rep=1 n=  1100 h*_kneedle=0.0294 (f=0.748)  h*_curv=0.5000 (f=0.037)  f(0.015)=0.851  (0.4s)
  HEA_short_range              sub=0.25 rep=2 n=  1100 h*_kneedle=0.0294 (f=0.758)  h*_curv=0.5000 (f=0.037)  f(0.015)=0.862  (0.4s)
  HEA_short_range              sub=0.50 rep=0 n=  2200 h*_kneedle=0.0294 (f=0.700)  h*_curv=0.5000 (f=0.033)  f(0.015)=0.813  (1.4s)
  HEA_short_range              sub=0.50 rep=1 n=  2200 h*_kneedle=0.0294 (f=0.700)  h*_curv=0.5000 (f=0.033)  f(0.015)=0.811  (1.4s)
  HEA_short_range              sub=0.50 rep=2 n=  2200 h*_kneedle=0.0294 (f=0.699)  h*_curv=0.5000 (f=0.032)  f(0.015)=0.811  (1.4s)
  HEA_short_range              sub=0.75 rep=0 n=  3300 h*_kneedle=0.0294 (f=0.675)  h*_curv=0.5000 (f=0.031)  f(0.015)=0.789  (2.1s)
  HEA_short_range              sub=0.75 rep=1 n=  3300 h*_kneedle=0.0294 (f=0.678)  h*_curv=0.5000 (f=0.032)  f(0.015)=0.790  (2.1s)
  HEA_short_range              sub=0.75 rep=2 n=  3300 h*_kneedle=0.0294 (f=0.676)  h*_curv=0.5000 (f=0.031)  f(0.015)=0.790  (2.1s)
  HEA_small                    sub=1.00 rep=0 n=  4320 h*_kneedle=0.0183 (f=0.949)  h*_curv=0.0050 (f=1.000)  f(0.015)=0.977  (3.2s)
  HEA_small                    sub=0.25 rep=0 n=  1080 h*_kneedle=0.0261 (f=0.923)  h*_curv=0.5000 (f=0.043)  f(0.015)=0.991  (0.4s)
  HEA_small                    sub=0.25 rep=1 n=  1080 h*_kneedle=0.0261 (f=0.927)  h*_curv=0.5000 (f=0.044)  f(0.015)=0.992  (0.4s)
  HEA_small                    sub=0.25 rep=2 n=  1080 h*_kneedle=0.0261 (f=0.928)  h*_curv=0.5000 (f=0.044)  f(0.015)=0.993  (0.4s)
  HEA_small                    sub=0.50 rep=0 n=  2160 h*_kneedle=0.0206 (f=0.948)  h*_curv=0.5000 (f=0.040)  f(0.015)=0.986  (1.4s)
  HEA_small                    sub=0.50 rep=1 n=  2160 h*_kneedle=0.0206 (f=0.947)  h*_curv=0.5000 (f=0.040)  f(0.015)=0.986  (1.4s)
  HEA_small                    sub=0.50 rep=2 n=  2160 h*_kneedle=0.0232 (f=0.925)  h*_curv=0.5000 (f=0.040)  f(0.015)=0.987  (1.4s)
  HEA_small                    sub=0.75 rep=0 n=  3240 h*_kneedle=0.0206 (f=0.934)  h*_curv=0.0050 (f=1.000)  f(0.015)=0.981  (2.1s)
  HEA_small                    sub=0.75 rep=1 n=  3240 h*_kneedle=0.0206 (f=0.936)  h*_curv=0.0050 (f=1.000)  f(0.015)=0.982  (2.0s)
  HEA_small                    sub=0.75 rep=2 n=  3240 h*_kneedle=0.0206 (f=0.934)  h*_curv=0.0050 (f=1.000)  f(0.015)=0.981  (2.0s)
  HEA_surface                  sub=1.00 rep=0 n=  2557 h*_kneedle=0.0261 (f=0.940)  h*_curv=0.0183 (f=0.979)  f(0.015)=0.986  (1.6s)
  HEA_surface                  sub=0.25 rep=0 n=   639 h*_kneedle=0.0331 (f=0.941)  h*_curv=0.0232 (f=0.983)  f(0.015)=0.994  (0.1s)
  HEA_surface                  sub=0.25 rep=1 n=   639 h*_kneedle=0.0331 (f=0.943)  h*_curv=0.0232 (f=0.983)  f(0.015)=0.994  (0.1s)
  HEA_surface                  sub=0.25 rep=2 n=   639 h*_kneedle=0.0331 (f=0.942)  h*_curv=0.0050 (f=1.000)  f(0.015)=0.994  (0.1s)
  HEA_surface                  sub=0.50 rep=0 n=  1278 h*_kneedle=0.0294 (f=0.941)  h*_curv=0.0050 (f=0.999)  f(0.015)=0.992  (0.5s)
  HEA_surface                  sub=0.50 rep=1 n=  1278 h*_kneedle=0.0294 (f=0.940)  h*_curv=0.0050 (f=0.999)  f(0.015)=0.991  (0.5s)
  HEA_surface                  sub=0.50 rep=2 n=  1278 h*_kneedle=0.0294 (f=0.942)  h*_curv=0.0050 (f=0.999)  f(0.015)=0.991  (0.5s)
  HEA_surface                  sub=0.75 rep=0 n=  1918 h*_kneedle=0.0294 (f=0.925)  h*_curv=0.0206 (f=0.975)  f(0.015)=0.987  (1.2s)
  HEA_surface                  sub=0.75 rep=1 n=  1918 h*_kneedle=0.0294 (f=0.925)  h*_curv=0.0206 (f=0.976)  f(0.015)=0.988  (1.2s)
  HEA_surface                  sub=0.75 rep=2 n=  1918 h*_kneedle=0.0294 (f=0.925)  h*_curv=0.0206 (f=0.976)  f(0.015)=0.988  (1.2s)
  HEA_vacancies                sub=1.00 rep=0 n=  4492 h*_kneedle=0.0114 (f=0.940)  h*_curv=0.0056 (f=0.999)  f(0.015)=0.874  (3.3s)
  HEA_vacancies                sub=0.25 rep=0 n=  1123 h*_kneedle=0.0183 (f=0.895)  h*_curv=0.5000 (f=0.032)  f(0.015)=0.934  (0.4s)
  HEA_vacancies                sub=0.25 rep=1 n=  1123 h*_kneedle=0.0183 (f=0.905)  h*_curv=0.5000 (f=0.031)  f(0.015)=0.943  (0.4s)
  HEA_vacancies                sub=0.25 rep=2 n=  1123 h*_kneedle=0.0183 (f=0.895)  h*_curv=0.5000 (f=0.031)  f(0.015)=0.935  (0.4s)
  HEA_vacancies                sub=0.50 rep=0 n=  2246 h*_kneedle=0.0145 (f=0.919)  h*_curv=0.0063 (f=0.998)  f(0.015)=0.911  (1.4s)
  HEA_vacancies                sub=0.50 rep=1 n=  2246 h*_kneedle=0.0145 (f=0.919)  h*_curv=0.0063 (f=0.998)  f(0.015)=0.911  (1.4s)
  HEA_vacancies                sub=0.50 rep=2 n=  2246 h*_kneedle=0.0145 (f=0.915)  h*_curv=0.0056 (f=0.999)  f(0.015)=0.907  (1.4s)
  HEA_vacancies                sub=0.75 rep=0 n=  3369 h*_kneedle=0.0129 (f=0.926)  h*_curv=0.0056 (f=0.999)  f(0.015)=0.890  (2.1s)
  HEA_vacancies                sub=0.75 rep=1 n=  3369 h*_kneedle=0.0129 (f=0.927)  h*_curv=0.0056 (f=0.999)  f(0.015)=0.891  (2.1s)
  HEA_vacancies                sub=0.75 rep=2 n=  3369 h*_kneedle=0.0129 (f=0.925)  h*_curv=0.0056 (f=0.999)  f(0.015)=0.888  (2.1s)
  binary_BCC_alloys            sub=1.00 rep=0 n= 12960 h*_kneedle=0.0163 (f=0.956)  h*_curv=0.0050 (f=1.000)  f(0.015)=0.968  (10.1s)
  binary_BCC_alloys            sub=0.25 rep=0 n=  3240 h*_kneedle=0.0206 (f=0.950)  h*_curv=0.0050 (f=1.000)  f(0.015)=0.986  (2.1s)
  binary_BCC_alloys            sub=0.25 rep=1 n=  3240 h*_kneedle=0.0206 (f=0.949)  h*_curv=0.0050 (f=1.000)  f(0.015)=0.986  (2.1s)
  binary_BCC_alloys            sub=0.25 rep=2 n=  3240 h*_kneedle=0.0206 (f=0.949)  h*_curv=0.0050 (f=1.000)  f(0.015)=0.986  (2.1s)
  binary_BCC_alloys            sub=0.50 rep=0 n=  6480 h*_kneedle=0.0183 (f=0.952)  h*_curv=0.0050 (f=1.000)  f(0.015)=0.979  (5.1s)
  binary_BCC_alloys            sub=0.50 rep=1 n=  6480 h*_kneedle=0.0183 (f=0.951)  h*_curv=0.0050 (f=1.000)  f(0.015)=0.978  (5.2s)
  binary_BCC_alloys            sub=0.50 rep=2 n=  6480 h*_kneedle=0.0183 (f=0.954)  h*_curv=0.0050 (f=1.000)  f(0.015)=0.980  (5.1s)
  binary_BCC_alloys            sub=0.75 rep=0 n=  9720 h*_kneedle=0.0183 (f=0.940)  h*_curv=0.0050 (f=1.000)  f(0.015)=0.973  (8.2s)
  binary_BCC_alloys            sub=0.75 rep=1 n=  9720 h*_kneedle=0.0183 (f=0.941)  h*_curv=0.0050 (f=1.000)  f(0.015)=0.973  (7.9s)
  binary_BCC_alloys            sub=0.75 rep=2 n=  9720 h*_kneedle=0.0183 (f=0.940)  h*_curv=0.0050 (f=1.000)  f(0.015)=0.973  (7.9s)
  divacancy                    sub=1.00 rep=0 n=  2360 h*_kneedle=0.0530 (f=0.336)  h*_curv=0.0050 (f=1.000)  f(0.015)=0.808  (1.4s)
  divacancy                    sub=0.25 rep=0 n=   590 h*_kneedle=0.0597 (f=0.377)  h*_curv=0.0090 (f=0.994)  f(0.015)=0.890  (0.1s)
  divacancy                    sub=0.25 rep=1 n=   590 h*_kneedle=0.0597 (f=0.379)  h*_curv=0.0090 (f=0.994)  f(0.015)=0.889  (0.1s)
  divacancy                    sub=0.25 rep=2 n=   590 h*_kneedle=0.0672 (f=0.365)  h*_curv=0.0090 (f=0.993)  f(0.015)=0.892  (0.1s)
  divacancy                    sub=0.50 rep=0 n=  1180 h*_kneedle=0.0530 (f=0.367)  h*_curv=0.0050 (f=1.000)  f(0.015)=0.851  (0.4s)
  divacancy                    sub=0.50 rep=1 n=  1180 h*_kneedle=0.0597 (f=0.350)  h*_curv=0.0050 (f=1.000)  f(0.015)=0.853  (0.4s)
  divacancy                    sub=0.50 rep=2 n=  1180 h*_kneedle=0.0530 (f=0.368)  h*_curv=0.0050 (f=1.000)  f(0.015)=0.850  (0.4s)
  divacancy                    sub=0.75 rep=0 n=  1770 h*_kneedle=0.0530 (f=0.349)  h*_curv=0.0050 (f=1.000)  f(0.015)=0.828  (1.0s)
  divacancy                    sub=0.75 rep=1 n=  1770 h*_kneedle=0.0530 (f=0.349)  h*_curv=0.0050 (f=1.000)  f(0.015)=0.824  (1.0s)
  divacancy                    sub=0.75 rep=2 n=  1770 h*_kneedle=0.0530 (f=0.350)  h*_curv=0.0050 (f=1.000)  f(0.015)=0.827  (1.0s)
  double_self_interstitial_defect sub=1.00 rep=0 n=  3090 h*_kneedle=0.0530 (f=0.333)  h*_curv=0.0063 (f=0.995)  f(0.015)=0.749  (1.8s)
  double_self_interstitial_defect sub=0.25 rep=0 n=   772 h*_kneedle=0.0597 (f=0.376)  h*_curv=0.0071 (f=0.995)  f(0.015)=0.830  (0.2s)
  double_self_interstitial_defect sub=0.25 rep=1 n=   772 h*_kneedle=0.0597 (f=0.378)  h*_curv=0.0071 (f=0.996)  f(0.015)=0.838  (0.2s)
  double_self_interstitial_defect sub=0.25 rep=2 n=   772 h*_kneedle=0.0597 (f=0.375)  h*_curv=0.0071 (f=0.996)  f(0.015)=0.836  (0.2s)
  double_self_interstitial_defect sub=0.50 rep=0 n=  1545 h*_kneedle=0.0597 (f=0.341)  h*_curv=0.0063 (f=0.997)  f(0.015)=0.789  (0.8s)
  double_self_interstitial_defect sub=0.50 rep=1 n=  1545 h*_kneedle=0.0530 (f=0.363)  h*_curv=0.0063 (f=0.997)  f(0.015)=0.789  (0.8s)
  double_self_interstitial_defect sub=0.50 rep=2 n=  1545 h*_kneedle=0.0597 (f=0.343)  h*_curv=0.0063 (f=0.997)  f(0.015)=0.791  (0.8s)
  double_self_interstitial_defect sub=0.75 rep=0 n=  2318 h*_kneedle=0.0530 (f=0.346)  h*_curv=0.0063 (f=0.996)  f(0.015)=0.766  (1.5s)
  double_self_interstitial_defect sub=0.75 rep=1 n=  2318 h*_kneedle=0.0530 (f=0.344)  h*_curv=0.0063 (f=0.996)  f(0.015)=0.766  (1.5s)
  double_self_interstitial_defect sub=0.75 rep=2 n=  2318 h*_kneedle=0.0530 (f=0.346)  h*_curv=0.0063 (f=0.996)  f(0.015)=0.766  (1.5s)
  gamma_surface                sub=1.00 rep=0 n=   480 h*_kneedle=0.0471 (f=0.444)  h*_curv=0.0056 (f=0.991)  f(0.015)=0.729  (0.1s)
  gamma_surface                sub=0.25 rep=0 n=   120 h*_kneedle=0.0672 (f=0.465)  h*_curv=0.0050 (f=0.998)  f(0.015)=0.818  (0.0s)
  gamma_surface                sub=0.25 rep=1 n=   120 h*_kneedle=0.0672 (f=0.480)  h*_curv=0.0050 (f=0.999)  f(0.015)=0.835  (0.0s)
  gamma_surface                sub=0.25 rep=2 n=   120 h*_kneedle=0.0471 (f=0.528)  h*_curv=0.0063 (f=0.997)  f(0.015)=0.821  (0.0s)
  gamma_surface                sub=0.50 rep=0 n=   240 h*_kneedle=0.0530 (f=0.468)  h*_curv=0.0050 (f=0.998)  f(0.015)=0.775  (0.0s)
  gamma_surface                sub=0.50 rep=1 n=   240 h*_kneedle=0.0530 (f=0.477)  h*_curv=0.0063 (f=0.992)  f(0.015)=0.788  (0.0s)
  gamma_surface                sub=0.50 rep=2 n=   240 h*_kneedle=0.0530 (f=0.472)  h*_curv=0.0050 (f=0.998)  f(0.015)=0.773  (0.0s)
  gamma_surface                sub=0.75 rep=0 n=   360 h*_kneedle=0.0530 (f=0.446)  h*_curv=0.0063 (f=0.985)  f(0.015)=0.755  (0.0s)
  gamma_surface                sub=0.75 rep=1 n=   360 h*_kneedle=0.0471 (f=0.459)  h*_curv=0.0063 (f=0.986)  f(0.015)=0.751  (0.0s)
  gamma_surface                sub=0.75 rep=2 n=   360 h*_kneedle=0.0530 (f=0.446)  h*_curv=0.0063 (f=0.986)  f(0.015)=0.756  (0.0s)
  liquid                       sub=1.00 rep=0 n= 18432 h*_kneedle=0.0294 (f=0.953)  h*_curv=0.0050 (f=1.000)  f(0.015)=1.000  (16.0s)
  liquid                       sub=0.25 rep=0 n=  4608 h*_kneedle=0.0331 (f=0.963)  h*_curv=0.5000 (f=0.071)  f(0.015)=1.000  (3.5s)
  liquid                       sub=0.25 rep=1 n=  4608 h*_kneedle=0.0331 (f=0.962)  h*_curv=0.5000 (f=0.071)  f(0.015)=1.000  (3.5s)
  liquid                       sub=0.25 rep=2 n=  4608 h*_kneedle=0.0331 (f=0.962)  h*_curv=0.5000 (f=0.070)  f(0.015)=1.000  (3.5s)
  liquid                       sub=0.50 rep=0 n=  9216 h*_kneedle=0.0294 (f=0.969)  h*_curv=0.0050 (f=1.000)  f(0.015)=1.000  (7.5s)
  liquid                       sub=0.50 rep=1 n=  9216 h*_kneedle=0.0294 (f=0.969)  h*_curv=0.0050 (f=1.000)  f(0.015)=1.000  (7.1s)
  liquid                       sub=0.50 rep=2 n=  9216 h*_kneedle=0.0294 (f=0.969)  h*_curv=0.0050 (f=1.000)  f(0.015)=1.000  (7.2s)
  liquid                       sub=0.75 rep=0 n= 13824 h*_kneedle=0.0294 (f=0.960)  h*_curv=0.0050 (f=1.000)  f(0.015)=1.000  (11.4s)
  liquid                       sub=0.75 rep=1 n= 13824 h*_kneedle=0.0294 (f=0.960)  h*_curv=0.0050 (f=1.000)  f(0.015)=1.000  (11.5s)
  liquid                       sub=0.75 rep=2 n= 13824 h*_kneedle=0.0294 (f=0.960)  h*_curv=0.0050 (f=1.000)  f(0.015)=1.000  (11.7s)
  ordered_alloys               sub=1.00 rep=0 n=  2112 h*_kneedle=0.0331 (f=0.472)  h*_curv=0.0050 (f=0.985)  f(0.015)=0.708  (1.2s)
  ordered_alloys               sub=0.25 rep=0 n=   528 h*_kneedle=0.0102 (f=0.928)  h*_curv=0.0056 (f=0.993)  f(0.015)=0.819  (0.1s)
  ordered_alloys               sub=0.25 rep=1 n=   528 h*_kneedle=0.0102 (f=0.926)  h*_curv=0.0056 (f=0.992)  f(0.015)=0.817  (0.1s)
  ordered_alloys               sub=0.25 rep=2 n=   528 h*_kneedle=0.2188 (f=0.123)  h*_curv=0.0056 (f=0.989)  f(0.015)=0.804  (0.1s)
  ordered_alloys               sub=0.50 rep=0 n=  1056 h*_kneedle=0.1944 (f=0.131)  h*_curv=0.0050 (f=0.991)  f(0.015)=0.758  (0.3s)
  ordered_alloys               sub=0.50 rep=1 n=  1056 h*_kneedle=0.1944 (f=0.134)  h*_curv=0.0050 (f=0.990)  f(0.015)=0.755  (0.3s)
  ordered_alloys               sub=0.50 rep=2 n=  1056 h*_kneedle=0.1944 (f=0.135)  h*_curv=0.0050 (f=0.991)  f(0.015)=0.758  (0.3s)
  ordered_alloys               sub=0.75 rep=0 n=  1584 h*_kneedle=0.0331 (f=0.493)  h*_curv=0.0050 (f=0.989)  f(0.015)=0.732  (0.8s)
  ordered_alloys               sub=0.75 rep=1 n=  1584 h*_kneedle=0.0331 (f=0.488)  h*_curv=0.0050 (f=0.988)  f(0.015)=0.728  (0.8s)
  ordered_alloys               sub=0.75 rep=2 n=  1584 h*_kneedle=0.0331 (f=0.490)  h*_curv=0.0050 (f=0.988)  f(0.015)=0.730  (0.8s)
  phonon                       sub=1.00 rep=0 n=  1080 h*_kneedle=0.0756 (f=0.330)  h*_curv=0.0050 (f=1.000)  f(0.015)=0.936  (0.3s)
  phonon                       sub=0.25 rep=0 n=   270 h*_kneedle=0.0163 (f=0.952)  h*_curv=0.0050 (f=1.000)  f(0.015)=0.965  (0.0s)
  phonon                       sub=0.25 rep=1 n=   270 h*_kneedle=0.0183 (f=0.946)  h*_curv=0.0129 (f=0.990)  f(0.015)=0.977  (0.0s)
  phonon                       sub=0.25 rep=2 n=   270 h*_kneedle=0.0183 (f=0.947)  h*_curv=0.0129 (f=0.991)  f(0.015)=0.978  (0.0s)
  phonon                       sub=0.50 rep=0 n=   540 h*_kneedle=0.0145 (f=0.963)  h*_curv=0.0050 (f=1.000)  f(0.015)=0.956  (0.1s)
  phonon                       sub=0.50 rep=1 n=   540 h*_kneedle=0.0145 (f=0.960)  h*_curv=0.0050 (f=1.000)  f(0.015)=0.953  (0.1s)
  phonon                       sub=0.50 rep=2 n=   540 h*_kneedle=0.0145 (f=0.957)  h*_curv=0.0050 (f=1.000)  f(0.015)=0.950  (0.1s)
  phonon                       sub=0.75 rep=0 n=   810 h*_kneedle=0.0145 (f=0.953)  h*_curv=0.0050 (f=1.000)  f(0.015)=0.944  (0.2s)
  phonon                       sub=0.75 rep=1 n=   810 h*_kneedle=0.0145 (f=0.952)  h*_curv=0.0050 (f=1.000)  f(0.015)=0.944  (0.2s)
  phonon                       sub=0.75 rep=2 n=   810 h*_kneedle=0.0145 (f=0.952)  h*_curv=0.0050 (f=1.000)  f(0.015)=0.944  (0.2s)
  self_intersitial_defect      sub=1.00 rep=0 n=  2420 h*_kneedle=0.0419 (f=0.345)  h*_curv=0.0050 (f=0.975)  f(0.015)=0.700  (1.4s)
  self_intersitial_defect      sub=0.25 rep=0 n=   605 h*_kneedle=0.0471 (f=0.386)  h*_curv=0.0050 (f=0.989)  f(0.015)=0.788  (0.1s)
  self_intersitial_defect      sub=0.25 rep=1 n=   605 h*_kneedle=0.0471 (f=0.382)  h*_curv=0.0050 (f=0.989)  f(0.015)=0.786  (0.1s)
  self_intersitial_defect      sub=0.25 rep=2 n=   605 h*_kneedle=0.0471 (f=0.383)  h*_curv=0.0071 (f=0.975)  f(0.015)=0.792  (0.1s)
  self_intersitial_defect      sub=0.50 rep=0 n=  1210 h*_kneedle=0.0471 (f=0.354)  h*_curv=0.0050 (f=0.982)  f(0.015)=0.742  (0.5s)
  self_intersitial_defect      sub=0.50 rep=1 n=  1210 h*_kneedle=0.0471 (f=0.354)  h*_curv=0.0050 (f=0.980)  f(0.015)=0.745  (0.5s)
  self_intersitial_defect      sub=0.50 rep=2 n=  1210 h*_kneedle=0.0471 (f=0.357)  h*_curv=0.0050 (f=0.981)  f(0.015)=0.750  (0.5s)
  self_intersitial_defect      sub=0.75 rep=0 n=  1815 h*_kneedle=0.0471 (f=0.336)  h*_curv=0.0050 (f=0.979)  f(0.015)=0.720  (1.1s)
  self_intersitial_defect      sub=0.75 rep=1 n=  1815 h*_kneedle=0.0471 (f=0.336)  h*_curv=0.0050 (f=0.977)  f(0.015)=0.718  (1.1s)
  self_intersitial_defect      sub=0.75 rep=2 n=  1815 h*_kneedle=0.0471 (f=0.337)  h*_curv=0.0050 (f=0.978)  f(0.015)=0.721  (1.1s)
  short_range                  sub=1.00 rep=0 n=  2165 h*_kneedle=0.0597 (f=0.385)  h*_curv=0.0056 (f=0.992)  f(0.015)=0.795  (1.3s)
  short_range                  sub=0.25 rep=0 n=   541 h*_kneedle=0.0756 (f=0.425)  h*_curv=0.0056 (f=0.998)  f(0.015)=0.869  (0.1s)
  short_range                  sub=0.25 rep=1 n=   541 h*_kneedle=0.0756 (f=0.400)  h*_curv=0.0063 (f=0.994)  f(0.015)=0.867  (0.1s)
  short_range                  sub=0.25 rep=2 n=   541 h*_kneedle=0.0756 (f=0.415)  h*_curv=0.0063 (f=0.994)  f(0.015)=0.871  (0.1s)
  short_range                  sub=0.50 rep=0 n=  1082 h*_kneedle=0.0672 (f=0.395)  h*_curv=0.0056 (f=0.996)  f(0.015)=0.841  (0.4s)
  short_range                  sub=0.50 rep=1 n=  1082 h*_kneedle=0.0672 (f=0.395)  h*_curv=0.0056 (f=0.996)  f(0.015)=0.839  (0.4s)
  short_range                  sub=0.50 rep=2 n=  1082 h*_kneedle=0.0672 (f=0.398)  h*_curv=0.0056 (f=0.996)  f(0.015)=0.838  (0.4s)
  short_range                  sub=0.75 rep=0 n=  1624 h*_kneedle=0.0672 (f=0.376)  h*_curv=0.0056 (f=0.994)  f(0.015)=0.813  (0.9s)
  short_range                  sub=0.75 rep=1 n=  1624 h*_kneedle=0.0672 (f=0.380)  h*_curv=0.0056 (f=0.994)  f(0.015)=0.820  (0.9s)
  short_range                  sub=0.75 rep=2 n=  1624 h*_kneedle=0.0672 (f=0.377)  h*_curv=0.0056 (f=0.993)  f(0.015)=0.811  (0.9s)
  suface_liquid                sub=1.00 rep=0 n=  2752 h*_kneedle=0.0183 (f=0.891)  h*_curv=0.0050 (f=0.955)  f(0.015)=0.917  (1.6s)
  suface_liquid                sub=0.25 rep=0 n=   688 h*_kneedle=0.0232 (f=0.899)  h*_curv=0.0163 (f=0.938)  f(0.015)=0.941  (0.1s)
  suface_liquid                sub=0.25 rep=1 n=   688 h*_kneedle=0.0232 (f=0.902)  h*_curv=0.0163 (f=0.939)  f(0.015)=0.943  (0.1s)
  suface_liquid                sub=0.25 rep=2 n=   688 h*_kneedle=0.0232 (f=0.888)  h*_curv=0.0050 (f=0.964)  f(0.015)=0.937  (0.1s)
  suface_liquid                sub=0.50 rep=0 n=  1376 h*_kneedle=0.0206 (f=0.895)  h*_curv=0.0050 (f=0.962)  f(0.015)=0.933  (0.6s)
  suface_liquid                sub=0.50 rep=1 n=  1376 h*_kneedle=0.0206 (f=0.904)  h*_curv=0.0145 (f=0.944)  f(0.015)=0.941  (0.6s)
  suface_liquid                sub=0.50 rep=2 n=  1376 h*_kneedle=0.0206 (f=0.893)  h*_curv=0.0050 (f=0.963)  f(0.015)=0.931  (0.6s)
  suface_liquid                sub=0.75 rep=0 n=  2064 h*_kneedle=0.0206 (f=0.882)  h*_curv=0.0050 (f=0.960)  f(0.015)=0.925  (1.4s)
  suface_liquid                sub=0.75 rep=1 n=  2064 h*_kneedle=0.0206 (f=0.876)  h*_curv=0.0050 (f=0.957)  f(0.015)=0.920  (1.4s)
  suface_liquid                sub=0.75 rep=2 n=  2064 h*_kneedle=0.0206 (f=0.879)  h*_curv=0.0050 (f=0.958)  f(0.015)=0.923  (1.4s)
  tri_vacancy                  sub=1.00 rep=0 n=  2340 h*_kneedle=0.0530 (f=0.359)  h*_curv=0.0050 (f=1.000)  f(0.015)=0.822  (1.3s)
  tri_vacancy                  sub=0.25 rep=0 n=   585 h*_kneedle=0.0672 (f=0.378)  h*_curv=0.0050 (f=1.000)  f(0.015)=0.893  (0.1s)
  tri_vacancy                  sub=0.25 rep=1 n=   585 h*_kneedle=0.0672 (f=0.387)  h*_curv=0.0102 (f=0.988)  f(0.015)=0.902  (0.1s)
  tri_vacancy                  sub=0.25 rep=2 n=   585 h*_kneedle=0.0672 (f=0.382)  h*_curv=0.0090 (f=0.995)  f(0.015)=0.899  (0.1s)
  tri_vacancy                  sub=0.50 rep=0 n=  1170 h*_kneedle=0.0597 (f=0.367)  h*_curv=0.0050 (f=1.000)  f(0.015)=0.858  (0.4s)
  tri_vacancy                  sub=0.50 rep=1 n=  1170 h*_kneedle=0.0597 (f=0.371)  h*_curv=0.0050 (f=1.000)  f(0.015)=0.861  (0.4s)
  tri_vacancy                  sub=0.50 rep=2 n=  1170 h*_kneedle=0.0597 (f=0.373)  h*_curv=0.0050 (f=1.000)  f(0.015)=0.864  (0.4s)
  tri_vacancy                  sub=0.75 rep=0 n=  1755 h*_kneedle=0.0597 (f=0.346)  h*_curv=0.0050 (f=1.000)  f(0.015)=0.835  (1.0s)
  tri_vacancy                  sub=0.75 rep=1 n=  1755 h*_kneedle=0.0597 (f=0.351)  h*_curv=0.0050 (f=1.000)  f(0.015)=0.841  (1.0s)
  tri_vacancy                  sub=0.75 rep=2 n=  1755 h*_kneedle=0.0597 (f=0.350)  h*_curv=0.0050 (f=1.000)  f(0.015)=0.838  (1.0s)
  vacancy                      sub=1.00 rep=0 n=  1060 h*_kneedle=0.0530 (f=0.384)  h*_curv=0.0050 (f=0.982)  f(0.015)=0.731  (0.3s)
  vacancy                      sub=0.25 rep=0 n=   265 h*_kneedle=0.0756 (f=0.403)  h*_curv=0.0050 (f=0.994)  f(0.015)=0.822  (0.0s)
  vacancy                      sub=0.25 rep=1 n=   265 h*_kneedle=0.0756 (f=0.406)  h*_curv=0.0050 (f=0.995)  f(0.015)=0.809  (0.0s)
  vacancy                      sub=0.25 rep=2 n=   265 h*_kneedle=0.0756 (f=0.409)  h*_curv=0.0050 (f=0.996)  f(0.015)=0.840  (0.0s)
  vacancy                      sub=0.50 rep=0 n=   530 h*_kneedle=0.0672 (f=0.380)  h*_curv=0.0050 (f=0.990)  f(0.015)=0.783  (0.1s)
  vacancy                      sub=0.50 rep=1 n=   530 h*_kneedle=0.0597 (f=0.404)  h*_curv=0.0050 (f=0.990)  f(0.015)=0.777  (0.1s)
  vacancy                      sub=0.50 rep=2 n=   530 h*_kneedle=0.0597 (f=0.402)  h*_curv=0.0050 (f=0.988)  f(0.015)=0.774  (0.1s)
  vacancy                      sub=0.75 rep=0 n=   795 h*_kneedle=0.0530 (f=0.398)  h*_curv=0.0050 (f=0.984)  f(0.015)=0.750  (0.2s)
  vacancy                      sub=0.75 rep=1 n=   795 h*_kneedle=0.0597 (f=0.383)  h*_curv=0.0050 (f=0.986)  f(0.015)=0.754  (0.2s)
  vacancy                      sub=0.75 rep=2 n=   795 h*_kneedle=0.0530 (f=0.401)  h*_curv=0.0050 (f=0.985)  f(0.015)=0.748  (0.2s)
done in 392.5s -> results/ext/monbtavw/funiq/groups_s0
== elbows on full groups
                                     n  f_at_0.015  h_lin_knee  f_lin_knee  h_lin_curv  f_lin_curv  h_log_knee  f_log_knee  h_ftarget  f_at_hmax
scope                                                                                                                                           
BCC_alloys                       26730      0.9506      0.1212      0.2959      0.0050      0.9999      0.0145      0.9586     0.1212     0.0401
BCC_distorted                      400      0.8837      0.1535      0.4950      0.1860      0.4550      0.0372      0.8419     0.3948     0.2216
HEA_interstitial                  7336      0.8823      0.1364      0.2262      0.1066      0.2891      0.0129      0.9164     0.1077     0.0257
HEA_short_range                   4400      0.7711      0.1535      0.2246      0.5000      0.0302      0.0294      0.6567     0.1212     0.0302
HEA_small                         4320      0.9776      0.1535      0.2546      0.1091      0.3552      0.0183      0.9492     0.1364     0.0366
HEA_surface                       2557      0.9861      0.1728      0.2069      0.5000      0.0302      0.0261      0.9396     0.1364     0.0302
HEA_vacancies                     4492      0.8749      0.1364      0.2328      0.4933      0.0266      0.0114      0.9399     0.1077     0.0258
binary_BCC_alloys                12960      0.9682      0.1212      0.3887      0.1046      0.4230      0.0163      0.9558     0.1944     0.0972
divacancy                         2360      0.8085      0.0756      0.2825      0.0054      0.9998      0.0530      0.3361     0.0672     0.1256
double_self_interstitial_defect   3090      0.7500      0.0756      0.2779      0.4948      0.1219      0.0530      0.3327     0.0672     0.1200
gamma_surface                      480      0.7299      0.0851      0.3520      0.5000      0.1630      0.0471      0.4439     0.1535     0.1630
liquid                           18432      0.9997      0.1535      0.3083      0.1235      0.3720      0.0294      0.9526     0.1728     0.0609
ordered_alloys                    2112      0.7088      0.1077      0.2479      0.5000      0.0230      0.0331      0.4719     0.0851     0.0230
phonon                            1080      0.9365      0.0851      0.3100      0.1035      0.2853      0.0756      0.3295     0.0957     0.1366
self_intersitial_defect           2420      0.7002      0.0672      0.2752      0.4999      0.1260      0.0419      0.3452     0.0597     0.1260
short_range                       2165      0.7958      0.0851      0.3267      0.0992      0.3074      0.0597      0.3854     0.1077     0.1369
suface_liquid                     2752      0.9167      0.1077      0.3658      0.1100      0.3622      0.0183      0.8906     0.1728     0.1145
tri_vacancy                       2340      0.8224      0.0756      0.2991      0.0054      0.9998      0.0530      0.3589     0.0756     0.1247
vacancy                           1060      0.7310      0.0756      0.3267      0.4963      0.1443      0.0530      0.3843     0.0957     0.1427

== calibration vs values quoted in the paper

== robustness: h_lin_knee (mean over reps) vs subsample fraction
subsample                         0.25   0.50   0.75   1.00
scope                                                      
BCC_alloys                      0.1364 0.1314 0.1212 0.1212
BCC_distorted                   0.1728 0.1663 0.1535 0.1535
HEA_interstitial                0.1535 0.1364 0.1364 0.1364
HEA_short_range                 0.1728 0.1535 0.1535 0.1535
HEA_small                       0.1728 0.1535 0.1535 0.1535
HEA_surface                     0.1800 0.1728 0.1728 0.1728
HEA_vacancies                   0.1535 0.1535 0.1364 0.1364
binary_BCC_alloys               0.1364 0.1364 0.1212 0.1212
divacancy                       0.0787 0.0756 0.0756 0.0756
double_self_interstitial_defect 0.0819 0.0756 0.0756 0.0756
gamma_surface                   0.0886 0.0851 0.0851 0.0851
liquid                          0.1728 0.1535 0.1535 0.1535
ordered_alloys                  0.1364 0.1212 0.1212 0.1077
phonon                          0.0957 0.0851 0.0851 0.0851
self_intersitial_defect         0.0672 0.0672 0.0672 0.0672
short_range                     0.0886 0.0851 0.0851 0.0851
suface_liquid                   0.1212 0.1212 0.1077 0.1077
tri_vacancy                     0.0851 0.0851 0.0756 0.0756
vacancy                         0.0886 0.0851 0.0851 0.0756
scripts/external_pipeline.sh: line 43: syntax error near unexpected token `;;'
