  HD liquid_2.0gcc_6000        real     n=  5576 f(0.015)=0.998 (4s)
  HD liquid_2.0gcc_6000        gauss    n=  5576 f(0.015)=1.000 (4s)
  HD liquid_2.0gcc_6000        shuffle  n=  5576 f(0.015)=1.000 (4s)
  HD liquid_2.0gcc_7000        real     n=  1600 f(0.015)=1.000 (1s)
  HD liquid_2.0gcc_7000        gauss    n=  1600 f(0.015)=1.000 (1s)
  HD liquid_2.0gcc_7000        shuffle  n=  1600 f(0.015)=1.000 (1s)
  HD liquid_2.5gcc_6000        real     n=  5000 f(0.015)=1.000 (3s)
  HD liquid_2.5gcc_6000        gauss    n=  5000 f(0.015)=1.000 (3s)
  HD liquid_2.5gcc_6000        shuffle  n=  5000 f(0.015)=1.000 (3s)
  HD liquid_3.0gcc_8000        real     n= 15000 f(0.015)=0.992 (12s)
  HD liquid_3.0gcc_8000        gauss    n= 15000 f(0.015)=1.000 (12s)
  HD liquid_3.0gcc_8000        shuffle  n= 15000 f(0.015)=1.000 (12s)
  HD liquid_3.6gcc_6000        real     n= 14312 f(0.015)=0.986 (11s)
  HD liquid_3.6gcc_6000        gauss    n= 14312 f(0.015)=1.000 (12s)
  HD liquid_3.6gcc_6000        shuffle  n= 14312 f(0.015)=1.000 (11s)
  LD liquid_0.5gcc_1000        real     n=  5376 f(0.015)=0.887 (4s)
  LD liquid_0.5gcc_1000        gauss    n=  5376 f(0.015)=1.000 (4s)
  LD liquid_0.5gcc_1000        shuffle  n=  5376 f(0.015)=1.000 (4s)
  LD liquid_1.0gcc_2000        real     n=  5440 f(0.015)=0.992 (4s)
  LD liquid_1.0gcc_2000        gauss    n=  5440 f(0.015)=1.000 (4s)
  LD liquid_1.0gcc_2000        shuffle  n=  5440 f(0.015)=1.000 (4s)
  diamond_0.0gcc_CC            real     n=  1080 f(0.015)=0.246 (0s)
  diamond_0.0gcc_CC            gauss    n=  1080 f(0.015)=0.343 (0s)
  diamond_0.0gcc_CC            shuffle  n=  1080 f(0.015)=0.560 (0s)
  diamond_3.67gcc_3000         real     n= 14040 f(0.015)=0.697 (10s)
  diamond_3.67gcc_3000         gauss    n= 14040 f(0.015)=0.857 (10s)
  diamond_3.67gcc_3000         shuffle  n= 14040 f(0.015)=0.992 (10s)
  diamond_3.68gcc_300          real     n=  5400 f(0.015)=0.331 (3s)
  diamond_3.68gcc_300          gauss    n=  5400 f(0.015)=0.384 (4s)
  diamond_3.68gcc_300          shuffle  n=  5400 f(0.015)=0.546 (3s)
  graphite_0.0gcc_CC           real     n=  3072 f(0.015)=0.332 (2s)
  graphite_0.0gcc_CC           gauss    n=  3072 f(0.015)=0.681 (2s)
  graphite_0.0gcc_CC           shuffle  n=  3072 f(0.015)=1.000 (2s)
  graphite_2.39gcc_300         real     n=  9600 f(0.015)=0.461 (7s)
  graphite_2.39gcc_300         gauss    n=  9600 f(0.015)=0.492 (6s)
  graphite_2.39gcc_300         shuffle  n=  9600 f(0.015)=0.718 (6s)
  graphite_2.56gcc_1500        real     n=  9600 f(0.015)=0.825 (6s)
  graphite_2.56gcc_1500        gauss    n=  9600 f(0.015)=0.887 (6s)
  graphite_2.56gcc_1500        shuffle  n=  9600 f(0.015)=0.989 (6s)
  graphite_2.67gcc_3000        real     n= 15000 f(0.015)=0.932 (10s)
  graphite_2.67gcc_3000        gauss    n= 15000 f(0.015)=0.986 (10s)
  graphite_2.67gcc_3000        shuffle  n= 15000 f(0.015)=1.000 (10s)
done
