loaded 684 frames, 134720 envs (1.9s)
  HD liquid_2.0gcc_6000        sub=1.00 rep=0 n=  5576 h*_kneedle=0.0294 (f=0.957)  h*_curv=0.0050 (f=0.998)  f(0.015)=0.998  (4.6s)
  HD liquid_2.0gcc_6000        sub=0.25 rep=0 n=  1394 h*_kneedle=0.0331 (f=0.961)  h*_curv=0.0261 (f=0.992)  f(0.015)=0.999  (0.6s)
  HD liquid_2.0gcc_6000        sub=0.25 rep=1 n=  1394 h*_kneedle=0.0331 (f=0.965)  h*_curv=0.0261 (f=0.993)  f(0.015)=0.999  (0.7s)
  HD liquid_2.0gcc_6000        sub=0.25 rep=2 n=  1394 h*_kneedle=0.0331 (f=0.966)  h*_curv=0.0261 (f=0.994)  f(0.015)=1.000  (0.7s)
  HD liquid_2.0gcc_6000        sub=0.50 rep=0 n=  2788 h*_kneedle=0.0294 (f=0.973)  h*_curv=0.0050 (f=0.999)  f(0.015)=0.999  (1.9s)
  HD liquid_2.0gcc_6000        sub=0.50 rep=1 n=  2788 h*_kneedle=0.0294 (f=0.973)  h*_curv=0.0050 (f=0.999)  f(0.015)=0.999  (1.8s)
  HD liquid_2.0gcc_6000        sub=0.50 rep=2 n=  2788 h*_kneedle=0.0294 (f=0.973)  h*_curv=0.0050 (f=0.999)  f(0.015)=0.999  (1.9s)
  HD liquid_2.0gcc_6000        sub=0.75 rep=0 n=  4182 h*_kneedle=0.0294 (f=0.965)  h*_curv=0.0050 (f=0.999)  f(0.015)=0.998  (3.0s)
  HD liquid_2.0gcc_6000        sub=0.75 rep=1 n=  4182 h*_kneedle=0.0294 (f=0.965)  h*_curv=0.0050 (f=0.999)  f(0.015)=0.999  (3.1s)
  HD liquid_2.0gcc_6000        sub=0.75 rep=2 n=  4182 h*_kneedle=0.0294 (f=0.964)  h*_curv=0.0050 (f=0.999)  f(0.015)=0.998  (3.1s)
  HD liquid_2.0gcc_7000        sub=1.00 rep=0 n=  1600 h*_kneedle=0.0331 (f=0.967)  h*_curv=0.0261 (f=0.993)  f(0.015)=1.000  (0.8s)
  HD liquid_2.0gcc_7000        sub=0.25 rep=0 n=   400 h*_kneedle=0.0372 (f=0.974)  h*_curv=0.0331 (f=0.988)  f(0.015)=1.000  (0.1s)
  HD liquid_2.0gcc_7000        sub=0.25 rep=1 n=   400 h*_kneedle=0.0372 (f=0.974)  h*_curv=0.0331 (f=0.988)  f(0.015)=1.000  (0.1s)
  HD liquid_2.0gcc_7000        sub=0.25 rep=2 n=   400 h*_kneedle=0.0372 (f=0.975)  h*_curv=0.0331 (f=0.989)  f(0.015)=1.000  (0.1s)
  HD liquid_2.0gcc_7000        sub=0.50 rep=0 n=   800 h*_kneedle=0.0372 (f=0.958)  h*_curv=0.0294 (f=0.991)  f(0.015)=1.000  (0.2s)
  HD liquid_2.0gcc_7000        sub=0.50 rep=1 n=   800 h*_kneedle=0.0372 (f=0.959)  h*_curv=0.0294 (f=0.992)  f(0.015)=1.000  (0.2s)
  HD liquid_2.0gcc_7000        sub=0.50 rep=2 n=   800 h*_kneedle=0.0372 (f=0.958)  h*_curv=0.0294 (f=0.991)  f(0.015)=1.000  (0.2s)
  HD liquid_2.0gcc_7000        sub=0.75 rep=0 n=  1200 h*_kneedle=0.0331 (f=0.973)  h*_curv=0.0294 (f=0.988)  f(0.015)=1.000  (0.4s)
  HD liquid_2.0gcc_7000        sub=0.75 rep=1 n=  1200 h*_kneedle=0.0331 (f=0.975)  h*_curv=0.0294 (f=0.989)  f(0.015)=1.000  (0.5s)
  HD liquid_2.0gcc_7000        sub=0.75 rep=2 n=  1200 h*_kneedle=0.0331 (f=0.974)  h*_curv=0.0294 (f=0.988)  f(0.015)=1.000  (0.5s)
  HD liquid_2.5gcc_6000        sub=1.00 rep=0 n=  5000 h*_kneedle=0.0261 (f=0.974)  h*_curv=0.0050 (f=1.000)  f(0.015)=1.000  (3.3s)
  HD liquid_2.5gcc_6000        sub=0.25 rep=0 n=  1250 h*_kneedle=0.0294 (f=0.976)  h*_curv=0.0261 (f=0.991)  f(0.015)=1.000  (0.5s)
  HD liquid_2.5gcc_6000        sub=0.25 rep=1 n=  1250 h*_kneedle=0.0294 (f=0.977)  h*_curv=0.0261 (f=0.991)  f(0.015)=1.000  (0.5s)
  HD liquid_2.5gcc_6000        sub=0.25 rep=2 n=  1250 h*_kneedle=0.0294 (f=0.978)  h*_curv=0.0261 (f=0.992)  f(0.015)=1.000  (0.5s)
  HD liquid_2.5gcc_6000        sub=0.50 rep=0 n=  2500 h*_kneedle=0.0294 (f=0.963)  h*_curv=0.0232 (f=0.995)  f(0.015)=1.000  (1.6s)
  HD liquid_2.5gcc_6000        sub=0.50 rep=1 n=  2500 h*_kneedle=0.0294 (f=0.963)  h*_curv=0.0232 (f=0.995)  f(0.015)=1.000  (1.7s)
  HD liquid_2.5gcc_6000        sub=0.50 rep=2 n=  2500 h*_kneedle=0.0294 (f=0.962)  h*_curv=0.0232 (f=0.995)  f(0.015)=1.000  (1.7s)
  HD liquid_2.5gcc_6000        sub=0.75 rep=0 n=  3750 h*_kneedle=0.0261 (f=0.978)  h*_curv=0.0050 (f=1.000)  f(0.015)=1.000  (2.4s)
  HD liquid_2.5gcc_6000        sub=0.75 rep=1 n=  3750 h*_kneedle=0.0261 (f=0.979)  h*_curv=0.0050 (f=1.000)  f(0.015)=1.000  (2.5s)
  HD liquid_2.5gcc_6000        sub=0.75 rep=2 n=  3750 h*_kneedle=0.0261 (f=0.979)  h*_curv=0.0050 (f=1.000)  f(0.015)=1.000  (2.4s)
  HD liquid_3.0gcc_8000        sub=1.00 rep=0 n= 29664 h*_kneedle=0.0232 (f=0.968)  h*_curv=0.0206 (f=0.981)  f(0.015)=0.988  (27.3s)
  HD liquid_3.0gcc_8000        sub=0.25 rep=0 n=  7416 h*_kneedle=0.0261 (f=0.977)  h*_curv=0.0050 (f=0.997)  f(0.015)=0.996  (5.4s)
  HD liquid_3.0gcc_8000        sub=0.25 rep=1 n=  7416 h*_kneedle=0.0261 (f=0.976)  h*_curv=0.0050 (f=0.997)  f(0.015)=0.995  (5.4s)
  HD liquid_3.0gcc_8000        sub=0.25 rep=2 n=  7416 h*_kneedle=0.0261 (f=0.977)  h*_curv=0.0050 (f=0.997)  f(0.015)=0.995  (5.4s)
  HD liquid_3.0gcc_8000        sub=0.50 rep=0 n= 14832 h*_kneedle=0.0261 (f=0.962)  h*_curv=0.0232 (f=0.980)  f(0.015)=0.992  (14.0s)
  HD liquid_3.0gcc_8000        sub=0.50 rep=1 n= 14832 h*_kneedle=0.0261 (f=0.961)  h*_curv=0.0232 (f=0.980)  f(0.015)=0.993  (12.2s)
  HD liquid_3.0gcc_8000        sub=0.50 rep=2 n= 14832 h*_kneedle=0.0261 (f=0.962)  h*_curv=0.0232 (f=0.981)  f(0.015)=0.993  (13.7s)
  HD liquid_3.0gcc_8000        sub=0.75 rep=0 n= 22248 h*_kneedle=0.0261 (f=0.951)  h*_curv=0.0206 (f=0.985)  f(0.015)=0.990  (22.2s)
  HD liquid_3.0gcc_8000        sub=0.75 rep=1 n= 22248 h*_kneedle=0.0261 (f=0.950)  h*_curv=0.0206 (f=0.984)  f(0.015)=0.990  (23.1s)
  HD liquid_3.0gcc_8000        sub=0.75 rep=2 n= 22248 h*_kneedle=0.0261 (f=0.951)  h*_curv=0.0206 (f=0.985)  f(0.015)=0.991  (21.1s)
OMP: Error #34: System unable to allocate necessary resources for OMP thread:
OMP: System error #11: Resource temporarily unavailable
OMP: Hint Try decreasing the value of OMP_NUM_THREADS.
/var/spool/slurmd/job7971886/slurm_script: line 4: 1778295 Aborted                 (core dumped) python3 pruning/funiq_sweep.py /p/lustre1/laubach2/nequip_models/quests_descriptors-Mar2026/DS_2km6t3p8hxx2_0.xyz --out-dir results/funiq/groups_s0 --scopes groups --batch-size 2000
