loaded 2350 frames, 214000 envs (7.7s)
  Si-diamond                   sub=1.00 rep=0 n=   640 h*_kneedle=0.0471 (f=0.143)  h*_curv=0.5000 (f=0.002)  f(0.015)=0.444  (0.7s)
  Si-diamond                   sub=0.25 rep=0 n=   160 h*_kneedle=0.0530 (f=0.169)  h*_curv=0.0050 (f=0.927)  f(0.015)=0.562  (0.0s)
  Si-diamond                   sub=0.25 rep=1 n=   160 h*_kneedle=0.0530 (f=0.149)  h*_curv=0.0050 (f=0.931)  f(0.015)=0.549  (0.0s)
  Si-diamond                   sub=0.25 rep=2 n=   160 h*_kneedle=0.0530 (f=0.149)  h*_curv=0.0050 (f=0.929)  f(0.015)=0.550  (0.0s)
  Si-diamond                   sub=0.50 rep=0 n=   320 h*_kneedle=0.0471 (f=0.157)  h*_curv=0.5000 (f=0.002)  f(0.015)=0.493  (0.0s)
  Si-diamond                   sub=0.50 rep=1 n=   320 h*_kneedle=0.0471 (f=0.161)  h*_curv=0.0957 (f=0.057)  f(0.015)=0.491  (0.0s)
  Si-diamond                   sub=0.50 rep=2 n=   320 h*_kneedle=0.0471 (f=0.158)  h*_curv=0.0957 (f=0.056)  f(0.015)=0.491  (0.0s)
  Si-diamond                   sub=0.75 rep=0 n=   480 h*_kneedle=0.0471 (f=0.149)  h*_curv=0.0957 (f=0.053)  f(0.015)=0.464  (0.1s)
  Si-diamond                   sub=0.75 rep=1 n=   480 h*_kneedle=0.0471 (f=0.150)  h*_curv=0.5000 (f=0.002)  f(0.015)=0.466  (0.1s)
  Si-diamond                   sub=0.75 rep=2 n=   480 h*_kneedle=0.0471 (f=0.150)  h*_curv=0.0957 (f=0.053)  f(0.015)=0.462  (0.1s)
  beta_cristobalite            sub=1.00 rep=0 n=  1920 h*_kneedle=0.0957 (f=0.201)  h*_curv=0.0114 (f=0.961)  f(0.015)=0.913  (1.1s)
  beta_cristobalite            sub=0.25 rep=0 n=   480 h*_kneedle=0.0163 (f=0.926)  h*_curv=0.0050 (f=1.000)  f(0.015)=0.942  (0.1s)
  beta_cristobalite            sub=0.25 rep=1 n=   480 h*_kneedle=0.0163 (f=0.927)  h*_curv=0.0114 (f=0.980)  f(0.015)=0.942  (0.1s)
  beta_cristobalite            sub=0.25 rep=2 n=   480 h*_kneedle=0.0183 (f=0.909)  h*_curv=0.0129 (f=0.969)  f(0.015)=0.946  (0.1s)
  beta_cristobalite            sub=0.50 rep=0 n=   960 h*_kneedle=0.0957 (f=0.218)  h*_curv=0.0050 (f=1.000)  f(0.015)=0.941  (0.3s)
  beta_cristobalite            sub=0.50 rep=1 n=   960 h*_kneedle=0.0957 (f=0.224)  h*_curv=0.0114 (f=0.971)  f(0.015)=0.928  (0.3s)
  beta_cristobalite            sub=0.50 rep=2 n=   960 h*_kneedle=0.0957 (f=0.221)  h*_curv=0.0050 (f=1.000)  f(0.015)=0.938  (0.3s)
  beta_cristobalite            sub=0.75 rep=0 n=  1440 h*_kneedle=0.0957 (f=0.208)  h*_curv=0.0114 (f=0.965)  f(0.015)=0.920  (0.6s)
  beta_cristobalite            sub=0.75 rep=1 n=  1440 h*_kneedle=0.0957 (f=0.209)  h*_curv=0.0114 (f=0.965)  f(0.015)=0.918  (0.6s)
  beta_cristobalite            sub=0.75 rep=2 n=  1440 h*_kneedle=0.0957 (f=0.208)  h*_curv=0.0114 (f=0.964)  f(0.015)=0.917  (0.7s)
  beta_quartz                  sub=1.00 rep=0 n=   720 h*_kneedle=0.0672 (f=0.245)  h*_curv=0.4443 (f=0.070)  f(0.015)=0.753  (0.1s)
  beta_quartz                  sub=0.25 rep=0 n=   180 h*_kneedle=0.0851 (f=0.247)  h*_curv=0.0050 (f=0.986)  f(0.015)=0.835  (0.0s)
  beta_quartz                  sub=0.25 rep=1 n=   180 h*_kneedle=0.0851 (f=0.259)  h*_curv=0.0050 (f=0.987)  f(0.015)=0.855  (0.0s)
  beta_quartz                  sub=0.25 rep=2 n=   180 h*_kneedle=0.0851 (f=0.249)  h*_curv=0.0102 (f=0.917)  f(0.015)=0.844  (0.0s)
  beta_quartz                  sub=0.50 rep=0 n=   360 h*_kneedle=0.0756 (f=0.248)  h*_curv=0.0050 (f=0.978)  f(0.015)=0.808  (0.0s)
  beta_quartz                  sub=0.50 rep=1 n=   360 h*_kneedle=0.0756 (f=0.252)  h*_curv=0.0050 (f=0.976)  f(0.015)=0.806  (0.0s)
  beta_quartz                  sub=0.50 rep=2 n=   360 h*_kneedle=0.0756 (f=0.248)  h*_curv=0.0050 (f=0.976)  f(0.015)=0.801  (0.0s)
  beta_quartz                  sub=0.75 rep=0 n=   540 h*_kneedle=0.0756 (f=0.235)  h*_curv=0.4443 (f=0.075)  f(0.015)=0.781  (0.1s)
  beta_quartz                  sub=0.75 rep=1 n=   540 h*_kneedle=0.0756 (f=0.232)  h*_curv=0.4443 (f=0.073)  f(0.015)=0.776  (0.1s)
  beta_quartz                  sub=0.75 rep=2 n=   540 h*_kneedle=0.0756 (f=0.230)  h*_curv=0.4443 (f=0.073)  f(0.015)=0.772  (0.1s)
  beta_tridymite               sub=1.00 rep=0 n=   960 h*_kneedle=0.0597 (f=0.227)  h*_curv=0.0050 (f=0.954)  f(0.015)=0.655  (0.2s)
  beta_tridymite               sub=0.25 rep=0 n=   240 h*_kneedle=0.0672 (f=0.263)  h*_curv=0.0050 (f=0.978)  f(0.015)=0.761  (0.0s)
  beta_tridymite               sub=0.25 rep=1 n=   240 h*_kneedle=0.0672 (f=0.249)  h*_curv=0.0063 (f=0.975)  f(0.015)=0.786  (0.0s)
  beta_tridymite               sub=0.25 rep=2 n=   240 h*_kneedle=0.0672 (f=0.253)  h*_curv=0.0056 (f=0.976)  f(0.015)=0.767  (0.0s)
  beta_tridymite               sub=0.50 rep=0 n=   480 h*_kneedle=0.0597 (f=0.252)  h*_curv=0.0050 (f=0.968)  f(0.015)=0.704  (0.1s)
  beta_tridymite               sub=0.50 rep=1 n=   480 h*_kneedle=0.0597 (f=0.253)  h*_curv=0.0050 (f=0.967)  f(0.015)=0.703  (0.1s)
  beta_tridymite               sub=0.50 rep=2 n=   480 h*_kneedle=0.0597 (f=0.253)  h*_curv=0.0050 (f=0.976)  f(0.015)=0.721  (0.1s)
  beta_tridymite               sub=0.75 rep=0 n=   720 h*_kneedle=0.0597 (f=0.235)  h*_curv=0.0050 (f=0.961)  f(0.015)=0.674  (0.2s)
  beta_tridymite               sub=0.75 rep=1 n=   720 h*_kneedle=0.0597 (f=0.239)  h*_curv=0.0050 (f=0.962)  f(0.015)=0.679  (0.2s)
  beta_tridymite               sub=0.75 rep=2 n=   720 h*_kneedle=0.0597 (f=0.235)  h*_curv=0.0050 (f=0.961)  f(0.015)=0.676  (0.2s)
[2026-10-08T12:57:47.891] error: *** JOB 7971922 ON dane1229 CANCELLED AT 2026-10-08T12:57:47 DUE TO PREEMPTION ***
